/bin/bash: ../.env: Operation not permitted
[render] /Users/dohyun/Desktop/개인 인스타/broisinvesting/broisinvesting.md/ig_skill/daily_indices/out/story_brand_20260514_1005.jpg
/Users/dohyun/Library/Python/3.9/lib/python/site-packages/urllib3/__init__.py:35: NotOpenSSLWarning: urllib3 v2 only supports OpenSSL 1.1.1+, currently the 'ssl' module is compiled with 'LibreSSL 2.8.3'. See: https://github.com/urllib3/urllib3/issues/3020
  warnings.warn(
[upload] https://res.cloudinary.com/dkfxjibji/image/upload/v1778778312/broisinvesting/stories/daily_indices_20260514_100511.jpg
[publish] python3 /Users/dohyun/Desktop/개인 인스타/broisinvesting/broisinvesting.md/ig_skill/scripts/ig_api.py publish_story --image-url https://res.cloudinary.com/dkfxjibji/image/upload/v1778778312/broisinvesting/stories/daily_indices_20260514_100511.jpg
[render] /Users/dohyun/Desktop/개인 인스타/broisinvesting/broisinvesting.md/ig_skill/daily_indices/out/story_brand_20260515_1007.jpg
/Users/dohyun/Library/Python/3.9/lib/python/site-packages/urllib3/__init__.py:35: NotOpenSSLWarning: urllib3 v2 only supports OpenSSL 1.1.1+, currently the 'ssl' module is compiled with 'LibreSSL 2.8.3'. See: https://github.com/urllib3/urllib3/issues/3020
  warnings.warn(
[upload] https://res.cloudinary.com/dkfxjibji/image/upload/v1778864879/broisinvesting/stories/daily_indices_20260515_100758.jpg
[publish] python3 /Users/dohyun/Desktop/개인 인스타/broisinvesting/broisinvesting.md/ig_skill/scripts/ig_api.py publish_story --image-url https://res.cloudinary.com/dkfxjibji/image/upload/v1778864879/broisinvesting/stories/daily_indices_20260515_100758.jpg
[render] /Users/dohyun/Desktop/개인 인스타/broisinvesting/broisinvesting.md/ig_skill/daily_indices/out/story_brand_20260516_1019.jpg
/Users/dohyun/Library/Python/3.9/lib/python/site-packages/urllib3/__init__.py:35: NotOpenSSLWarning: urllib3 v2 only supports OpenSSL 1.1.1+, currently the 'ssl' module is compiled with 'LibreSSL 2.8.3'. See: https://github.com/urllib3/urllib3/issues/3020
  warnings.warn(
[upload] https://res.cloudinary.com/dkfxjibji/image/upload/v1778951990/broisinvesting/stories/daily_indices_20260516_101949.jpg
[publish] python3 /Users/dohyun/Desktop/개인 인스타/broisinvesting/broisinvesting.md/ig_skill/scripts/ig_api.py publish_story --image-url https://res.cloudinary.com/dkfxjibji/image/upload/v1778951990/broisinvesting/stories/daily_indices_20260516_101949.jpg
Traceback (most recent call last):
  File "/Users/dohyun/Desktop/개인 인스타/broisinvesting/broisinvesting.md/ig_skill/scripts/ig_api.py", line 519, in <module>
    main()
  File "/Users/dohyun/Desktop/개인 인스타/broisinvesting/broisinvesting.md/ig_skill/scripts/ig_api.py", line 513, in main
    cmd()
  File "/Users/dohyun/Desktop/개인 인스타/broisinvesting/broisinvesting.md/ig_skill/scripts/ig_api.py", line 505, in <lambda>
    "publish_story": lambda: publish_story(args.image_url, args.video_url),
  File "/Users/dohyun/Desktop/개인 인스타/broisinvesting/broisinvesting.md/ig_skill/scripts/ig_api.py", line 279, in publish_story
    result = api_request(url, method="POST", data=data)
  File "/Users/dohyun/Desktop/개인 인스타/broisinvesting/broisinvesting.md/ig_skill/scripts/ig_api.py", line 73, in api_request
    with urllib.request.urlopen(req, timeout=30) as resp:
  File "/Library/Developer/CommandLineTools/Library/Frameworks/Python3.framework/Versions/3.9/lib/python3.9/urllib/request.py", line 214, in urlopen
    return opener.open(url, data, timeout)
  File "/Library/Developer/CommandLineTools/Library/Frameworks/Python3.framework/Versions/3.9/lib/python3.9/urllib/request.py", line 517, in open
    response = self._open(req, data)
  File "/Library/Developer/CommandLineTools/Library/Frameworks/Python3.framework/Versions/3.9/lib/python3.9/urllib/request.py", line 534, in _open
    result = self._call_chain(self.handle_open, protocol, protocol +
  File "/Library/Developer/CommandLineTools/Library/Frameworks/Python3.framework/Versions/3.9/lib/python3.9/urllib/request.py", line 494, in _call_chain
    result = func(*args)
  File "/Library/Developer/CommandLineTools/Library/Frameworks/Python3.framework/Versions/3.9/lib/python3.9/urllib/request.py", line 1389, in https_open
    return self.do_open(http.client.HTTPSConnection, req,
  File "/Library/Developer/CommandLineTools/Library/Frameworks/Python3.framework/Versions/3.9/lib/python3.9/urllib/request.py", line 1350, in do_open
    r = h.getresponse()
  File "/Library/Developer/CommandLineTools/Library/Frameworks/Python3.framework/Versions/3.9/lib/python3.9/http/client.py", line 1349, in getresponse
    response.begin()
  File "/Library/Developer/CommandLineTools/Library/Frameworks/Python3.framework/Versions/3.9/lib/python3.9/http/client.py", line 316, in begin
    version, status, reason = self._read_status()
  File "/Library/Developer/CommandLineTools/Library/Frameworks/Python3.framework/Versions/3.9/lib/python3.9/http/client.py", line 277, in _read_status
    line = str(self.fp.readline(_MAXLINE + 1), "iso-8859-1")
  File "/Library/Developer/CommandLineTools/Library/Frameworks/Python3.framework/Versions/3.9/lib/python3.9/socket.py", line 704, in readinto
    return self._sock.recv_into(b)
  File "/Library/Developer/CommandLineTools/Library/Frameworks/Python3.framework/Versions/3.9/lib/python3.9/ssl.py", line 1241, in recv_into
    return self.read(nbytes, buffer)
  File "/Library/Developer/CommandLineTools/Library/Frameworks/Python3.framework/Versions/3.9/lib/python3.9/ssl.py", line 1099, in read
    return self._sslobj.read(len, buffer)
socket.timeout: The read operation timed out
[render] /Users/dohyun/Desktop/개인 인스타/broisinvesting/broisinvesting.md/ig_skill/daily_indices/out/story_brand_20260517_1007.jpg
/Users/dohyun/Library/Python/3.9/lib/python/site-packages/urllib3/__init__.py:35: NotOpenSSLWarning: urllib3 v2 only supports OpenSSL 1.1.1+, currently the 'ssl' module is compiled with 'LibreSSL 2.8.3'. See: https://github.com/urllib3/urllib3/issues/3020
  warnings.warn(
[upload] https://res.cloudinary.com/dkfxjibji/image/upload/v1779037622/broisinvesting/stories/daily_indices_20260517_100701.jpg
[publish] python3 /Users/dohyun/Desktop/개인 인스타/broisinvesting/broisinvesting.md/ig_skill/scripts/ig_api.py publish_story --image-url https://res.cloudinary.com/dkfxjibji/image/upload/v1779037622/broisinvesting/stories/daily_indices_20260517_100701.jpg
Traceback (most recent call last):
  File "/Users/dohyun/Desktop/개인 인스타/broisinvesting/broisinvesting.md/ig_skill/scripts/ig_api.py", line 519, in <module>
    main()
  File "/Users/dohyun/Desktop/개인 인스타/broisinvesting/broisinvesting.md/ig_skill/scripts/ig_api.py", line 513, in main
    cmd()
  File "/Users/dohyun/Desktop/개인 인스타/broisinvesting/broisinvesting.md/ig_skill/scripts/ig_api.py", line 505, in <lambda>
    "publish_story": lambda: publish_story(args.image_url, args.video_url),
  File "/Users/dohyun/Desktop/개인 인스타/broisinvesting/broisinvesting.md/ig_skill/scripts/ig_api.py", line 279, in publish_story
    result = api_request(url, method="POST", data=data)
  File "/Users/dohyun/Desktop/개인 인스타/broisinvesting/broisinvesting.md/ig_skill/scripts/ig_api.py", line 73, in api_request
    with urllib.request.urlopen(req, timeout=30) as resp:
  File "/Library/Developer/CommandLineTools/Library/Frameworks/Python3.framework/Versions/3.9/lib/python3.9/urllib/request.py", line 214, in urlopen
    return opener.open(url, data, timeout)
  File "/Library/Developer/CommandLineTools/Library/Frameworks/Python3.framework/Versions/3.9/lib/python3.9/urllib/request.py", line 517, in open
    response = self._open(req, data)
  File "/Library/Developer/CommandLineTools/Library/Frameworks/Python3.framework/Versions/3.9/lib/python3.9/urllib/request.py", line 534, in _open
    result = self._call_chain(self.handle_open, protocol, protocol +
  File "/Library/Developer/CommandLineTools/Library/Frameworks/Python3.framework/Versions/3.9/lib/python3.9/urllib/request.py", line 494, in _call_chain
    result = func(*args)
  File "/Library/Developer/CommandLineTools/Library/Frameworks/Python3.framework/Versions/3.9/lib/python3.9/urllib/request.py", line 1389, in https_open
    return self.do_open(http.client.HTTPSConnection, req,
  File "/Library/Developer/CommandLineTools/Library/Frameworks/Python3.framework/Versions/3.9/lib/python3.9/urllib/request.py", line 1350, in do_open
    r = h.getresponse()
  File "/Library/Developer/CommandLineTools/Library/Frameworks/Python3.framework/Versions/3.9/lib/python3.9/http/client.py", line 1349, in getresponse
    response.begin()
  File "/Library/Developer/CommandLineTools/Library/Frameworks/Python3.framework/Versions/3.9/lib/python3.9/http/client.py", line 316, in begin
    version, status, reason = self._read_status()
  File "/Library/Developer/CommandLineTools/Library/Frameworks/Python3.framework/Versions/3.9/lib/python3.9/http/client.py", line 277, in _read_status
    line = str(self.fp.readline(_MAXLINE + 1), "iso-8859-1")
  File "/Library/Developer/CommandLineTools/Library/Frameworks/Python3.framework/Versions/3.9/lib/python3.9/socket.py", line 704, in readinto
    return self._sock.recv_into(b)
  File "/Library/Developer/CommandLineTools/Library/Frameworks/Python3.framework/Versions/3.9/lib/python3.9/ssl.py", line 1241, in recv_into
    return self.read(nbytes, buffer)
  File "/Library/Developer/CommandLineTools/Library/Frameworks/Python3.framework/Versions/3.9/lib/python3.9/ssl.py", line 1099, in read
    return self._sslobj.read(len, buffer)
socket.timeout: The read operation timed out
